02-05 23:32:12.662  2533  2533 I DeviceUnlockedTag: DeviceUnlockedTag.notifyDeviceLockStatusChanged():79 Notify device unlocked.
02-05 23:32:12.664  5372  9229 D Game_Utils: mode = 1
02-05 23:32:12.665  5372  9229 D Game_Utils: isTheMainScreen, displayId: 0  classname = androidx.fragment.app.testing.FragmentScenario$EmptyFragmentActivity
02-05 23:32:12.665  5372  9229 D Game_Utils: getTopPackageNameNew pkm = com.example.lunchtray
02-05 23:32:12.666  5372  9229 D Game_Utils: isQSplitscreenMode mode = 1
02-05 23:32:12.670   966  1033 D AAL     : 02-05 11:32:12.639 BL= 562,ESS= 256, 02-05 11:32:12.645 BL= 561,ESS= 256, 02-05 11:32:12.653 BL= 559,ESS= 256, 02-05 11:32:12.661 BL= 558,ESS= 256, 02-05 11:32:12.670 BL= 557,ESS= 256,
02-05 23:32:12.670  2533  2533 V PhoneWindow: DecorView setVisiblity: visibility = 8, Parent = android.view.ViewRootImpl@917433, this = DecorView@ba9dd9a[InputMethod]
02-05 23:32:12.671  5372  9229 D Game_Utils: mode = 1
02-05 23:32:12.672  1237  1246 I system_server: NativeAlloc concurrent copying GC freed 827727(46MB) AllocSpace objects, 87(1864KB) LOS objects, 48% free, 50MB/98MB, paused 533us total 233.115ms
02-05 23:32:12.673  5372  9229 D Game_Utils: isTheMainScreen, displayId: 0  classname = androidx.fragment.app.testing.FragmentScenario$EmptyFragmentActivity
02-05 23:32:12.673  5372  9229 D Game_Utils: getTopPackageNameNew pkm = com.example.lunchtray
02-05 23:32:12.674  5372  9229 D Game_Utils: mode = 1
02-05 23:32:12.675  5372  9229 D Game_Utils: isTheMainScreen, displayId: 0  classname = androidx.fragment.app.testing.FragmentScenario$EmptyFragmentActivity
02-05 23:32:12.675  5372  9229 D Game_Utils: getTopClassNameNew className = androidx.fragment.app.testing.FragmentScenario$EmptyFragmentActivity
02-05 23:32:12.676  5372  9229 D Game_Utils: isQSplitscreenMode mode = 1
02-05 23:32:12.676  5372  9229 I SmartPanel_SmartPanelService: ASP topPkg: com.example.lunchtray  topClass = androidx.fragment.app.testing.FragmentScenario$EmptyFragmentActivity isSplitScreenfalse
02-05 23:32:12.676  5372  9229 I SmartPanel_SmartPanelService: ASP pkgName: com.example.lunchtray  screenState=false
02-05 23:32:12.677  5372  9229 D Game_Utils: isQSplitscreenMode mode = 1
02-05 23:32:12.677   717   717 I BufferQueueConsumer: [com.transsion.XOSLauncher/com.android.quickstep.recents_ui_overrides.src.com.android.launcher3.uioverrides.QuickstepLauncher#0](id:2cd00000805,api:0,p:-1,c:717) disconnect()
02-05 23:32:12.678   717   717 I BufferQueue: [com.transsion.XOSLauncher/com.android.quickstep.recents_ui_overrides.src.com.android.launcher3.uioverrides.QuickstepLauncher#0](this:0xb40000728c931f48,id:2053,api:1,p:-1,c:-1) onDestructor()
02-05 23:32:12.678   717   717 I BufferQueueConsumer: [com.transsion.XOSLauncher/com.android.launcher3.XApplication#0](id:2cd00000804,api:0,p:-1,c:717) disconnect()
02-05 23:32:12.678   717   717 I BufferQueue: [com.transsion.XOSLauncher/com.android.launcher3.XApplication#0](this:0xb40000728c852158,id:2052,api:1,p:-1,c:-1) onDestructor()
02-05 23:32:12.678  5372  9229 D Game_Utils: mode = 1 clsname = androidx.fragment.app.testing.FragmentScenario$EmptyFragmentActivity
02-05 23:32:12.679  1237  1248 W System  : A resource failed to call release.
02-05 23:32:12.679  1237  1248 I chatty  : uid=1000(system) FinalizerDaemon identical 1 line
02-05 23:32:12.679  1237  1248 W System  : A resource failed to call release.
02-05 23:32:12.680  5372  9229 D Game_Utils: isTheMainScreen, displayId: 0  classname = androidx.fragment.app.testing.FragmentScenario$EmptyFragmentActivity
02-05 23:32:12.680  5372  9229 D SmartPanelService: handlerVideoStart isResume = true  VIDEO_PACKAGE =   pkgName = com.example.lunchtray
02-05 23:32:12.680  1237  1477 I InputDispatcher: setInputWindows displayId=0 Window{cd6c485 u0 ScreenDecorOverlayBottom} Window{58a9a76 u0 ScreenDecorOverlay} Window{85ba95f u0 NavigationBar0} Window{aefd95e u0 StatusBar} Splash Screen com.example.lunchtray#1 Window{abf1917 u0 com.example.lunchtray/androidx.fragment.app.testing.FragmentScenario$EmptyFragmentActivity} Window{accad1c u0 com.android.systemui.ImageWallpaper}
02-05 23:32:12.681  1237  1248 W System  : A resource failed to call release.
02-05 23:32:12.681  1237  1248 I chatty  : uid=1000(system) FinalizerDaemon identical 2 lines
02-05 23:32:12.681  1237  1248 W System  : A resource failed to call release.
02-05 23:32:12.682  5372  9229 D Game_Utils: mode = 1
02-05 23:32:12.682  1237  1248 W System  : A resource failed to call release.
02-05 23:32:12.682  1237  1248 I chatty  : uid=1000(system) FinalizerDaemon identical 1 line
02-05 23:32:12.682  1237  1248 W System  : A resource failed to call release.
02-05 23:32:12.683 17929 17929 I ViewInteraction: Performing 'single click' action on view view.getId() is <2131231081/com.example.lunchtray:id/next_button>
02-05 23:32:12.683  5372  9229 D Game_Utils: isTheMainScreen, displayId: 0  classname = androidx.fragment.app.testing.FragmentScenario$EmptyFragmentActivity
02-05 23:32:12.683  5372  9229 D Game_Utils: getTopPackageNameNew pkm = com.example.lunchtray
02-05 23:32:12.683  1237  1248 W System  : A resource failed to call release.
02-05 23:32:12.685  1237  1248 I chatty  : uid=1000(system) FinalizerDaemon identical 5 lines
02-05 23:32:12.685  1237  1248 W System  : A resource failed to call release.
02-05 23:32:12.685   695   730 I mtkpower@impl: [setBoost] Boost::INTERACTION,escap_time 49. leave_time:101
02-05 23:32:12.686   695   730 I mtkpower@impl: [setBoost] Boost::INTERACTION,escape. durationMs:80
02-05 23:32:12.686   695   730 I mtkpower@impl: [setBoost] Boost::INTERACTION,escap_time 49. leave_time:101
02-05 23:32:12.686   695   730 I mtkpower@impl: [setBoost] Boost::INTERACTION,escape. durationMs:80
02-05 23:32:12.686  2000  2000 D OrientationTouchTransformer: touchInValidSwipeRegions return false, x = 797.5 y = 1443.5
02-05 23:32:12.686  5372  9229 D Game_Utils: mode = 1
02-05 23:32:12.686  1237  1248 W System  : A resource failed to call release.
02-05 23:32:12.686   695   776 I libPowerHal: [perfLockAcq] idx:5 hdl:60335 hint:25 pid:695 duration:500 => ret_hdl:60335
02-05 23:32:12.686   695   776 I libPowerHal: [PE] scn:5 hdl:60335 hint:25 comm:mtkpower@1.0-se pid:695
02-05 23:32:12.686  1237  1248 W System  : A resource failed to call release.
02-05 23:32:12.686   695   776 I libPowerHal: [PE] MTKPOWER_HINT_APP_TOUCH update cmd:3408600 param:1
02-05 23:32:12.688  1237  1248 W System  : A resource failed to call release.
02-05 23:32:12.688   695   776 I libPowerHal: [perfLockRel] hdl:60322, idx:-1
02-05 23:32:12.688  1237  1248 W System  : A resource failed to call release.
02-05 23:32:12.688  1237  1248 W System  : A resource failed to call release.
02-05 23:32:12.688   671  7638 W AudioALSACaptureDataProviderNormal: readThread, latency_in_s,0.000001,0.039728,0.000040, totalTime 0.039769 > logTimeout 0.022000 TIMEOUT!!
02-05 23:32:12.688  5372  9229 D Game_Utils: isTheMainScreen, displayId: 0  classname = androidx.fragment.app.testing.FragmentScenario$EmptyFragmentActivity
02-05 23:32:12.688  5372  9229 D Game_Utils: getTopClassNameNew className = androidx.fragment.app.testing.FragmentScenario$EmptyFragmentActivity
02-05 23:32:12.688  1237  1248 W System  : A resource failed to call release.
02-05 23:32:12.688  1237  1248 I chatty  : uid=1000(system) FinalizerDaemon identical 1 line
02-05 23:32:12.689  1237  1248 W System  : A resource failed to call release.
02-05 23:32:12.689  5372  9229 D Game_Utils: isQSplitscreenMode mode = 1
02-05 23:32:12.689  1237  1248 W System  : A resource failed to call release.
02-05 23:32:12.689  5372  9229 I SmartPanel_SmartPanelService: ASP topPkg: com.example.lunchtray  topClass = androidx.fragment.app.testing.FragmentScenario$EmptyFragmentActivity isSplitScreenfalse
02-05 23:32:12.689  5372  9229 I SmartPanel_SmartPanelService: ASP pkgName: com.transsion.XOSLauncher  screenState=false
02-05 23:32:12.689  1237  1248 W System  : A resource failed to call release.
02-05 23:32:12.693  1237  1248 I chatty  : uid=1000(system) FinalizerDaemon identical 25 lines
02-05 23:32:12.693  1237  1248 W System  : A resource failed to call release.
02-05 23:32:12.694  1237  1248 W Parcel  : release_object BINDER_TYPE_HANDLE strongCount==2
02-05 23:32:12.696  1237  1476 I InputDispatcher: setInputWindows displayId=0 Window{cd6c485 u0 ScreenDecorOverlayBottom} Window{58a9a76 u0 ScreenDecorOverlay} Window{85ba95f u0 NavigationBar0} Window{aefd95e u0 StatusBar} Splash Screen com.example.lunchtray#1 Window{abf1917 u0 com.example.lunchtray/androidx.fragment.app.testing.FragmentScenario$EmptyFragmentActivity} Window{accad1c u0 com.android.systemui.ImageWallpaper}
02-05 23:32:12.711  1237  1476 I InputDispatcher: setInputWindows displayId=0 Window{cd6c485 u0 ScreenDecorOverlayBottom} Window{58a9a76 u0 ScreenDecorOverlay} Window{85ba95f u0 NavigationBar0} Window{aefd95e u0 StatusBar} Splash Screen com.example.lunchtray#1 Window{abf1917 u0 com.example.lunchtray/androidx.fragment.app.testing.FragmentScenario$EmptyFragmentActivity} Window{accad1c u0 com.android.systemui.ImageWallpaper}
02-05 23:32:12.711   966  1033 D AAL     : 02-05 11:32:12.678 BL= 556,ESS= 256, 02-05 11:32:12.686 BL= 554,ESS= 256, 02-05 11:32:12.695 BL= 553,ESS= 256, 02-05 11:32:12.703 BL= 552,ESS= 256, 02-05 11:32:12.711 BL= 551,ESS= 256,
02-05 23:32:12.725   695   776 I libPowerHal: [perfLockAcq] idx:6 hdl:60336 hint:25 pid:695 duration:500 => ret_hdl:60336
02-05 23:32:12.725   695   776 I libPowerHal: [PE] scn:6 hdl:60336 hint:25 comm:mtkpower@1.0-se pid:695
02-05 23:32:12.725   695   776 I libPowerHal: [perfLockRel] hdl:60335, idx:5
02-05 23:32:12.725   695   776 I libPowerHal: [PD] scn:5 hdl:60335 hint:25 comm:mtkpower@1.0-se pid:695
02-05 23:32:12.728   671  7638 W AudioALSACaptureDataProviderNormal: readThread, latency_in_s,0.000001,0.039753,0.000040, totalTime 0.039794 > logTimeout 0.022000 TIMEOUT!!
02-05 23:32:12.728  1237  1477 I InputDispatcher: setInputWindows displayId=0 Window{cd6c485 u0 ScreenDecorOverlayBottom} Window{58a9a76 u0 ScreenDecorOverlay} Window{85ba95f u0 NavigationBar0} Window{aefd95e u0 StatusBar} Splash Screen com.example.lunchtray#1 Window{abf1917 u0 com.example.lunchtray/androidx.fragment.app.testing.FragmentScenario$EmptyFragmentActivity} Window{accad1c u0 com.android.systemui.ImageWallpaper}
02-05 23:32:12.745  1237  3613 I InputDispatcher: setInputWindows displayId=0 Window{cd6c485 u0 ScreenDecorOverlayBottom} Window{58a9a76 u0 ScreenDecorOverlay} Window{85ba95f u0 NavigationBar0} Window{aefd95e u0 StatusBar} Splash Screen com.example.lunchtray#1 Window{abf1917 u0 com.example.lunchtray/androidx.fragment.app.testing.FragmentScenario$EmptyFragmentActivity} Window{accad1c u0 com.android.systemui.ImageWallpaper}
02-05 23:32:12.753   966  1033 D AAL     : 02-05 11:32:12.720 BL= 549,ESS= 256, 02-05 11:32:12.728 BL= 548,ESS= 256, 02-05 11:32:12.736 BL= 547,ESS= 256, 02-05 11:32:12.744 BL= 546,ESS= 256, 02-05 11:32:12.753 BL= 544,ESS= 256,
02-05 23:32:12.761  1237  3613 I InputDispatcher: setInputWindows displayId=0 Window{cd6c485 u0 ScreenDecorOverlayBottom} Window{58a9a76 u0 ScreenDecorOverlay} Window{85ba95f u0 NavigationBar0} Window{aefd95e u0 StatusBar} Splash Screen com.example.lunchtray#1 Window{abf1917 u0 com.example.lunchtray/androidx.fragment.app.testing.FragmentScenario$EmptyFragmentActivity} Window{accad1c u0 com.android.systemui.ImageWallpaper}
02-05 23:32:12.768   671  7638 W AudioALSACaptureDataProviderNormal: readThread, latency_in_s,0.000001,0.039693,0.000038, totalTime 0.039732 > logTimeout 0.022000 TIMEOUT!!
02-05 23:32:12.778  1237  3613 I InputDispatcher: setInputWindows displayId=0 Window{cd6c485 u0 ScreenDecorOverlayBottom} Window{58a9a76 u0 ScreenDecorOverlay} Window{85ba95f u0 NavigationBar0} Window{aefd95e u0 StatusBar} Splash Screen com.example.lunchtray#1 Window{abf1917 u0 com.example.lunchtray/androidx.fragment.app.testing.FragmentScenario$EmptyFragmentActivity} Window{accad1c u0 com.android.systemui.ImageWallpaper}
02-05 23:32:12.787   695   776 I mtkpower@impl: [powerd_req] TIMER_MSG_PERF_LOCK_TIMEOUT hdl:60334
02-05 23:32:12.787   695   776 I libPowerHal: [perfLockRel] hdl:60334, idx:1
02-05 23:32:12.787   695   776 I libPowerHal: [PD] scn:1 hdl:60334 hint:0 comm:mtkpower@1.0-se pid:695
02-05 23:32:12.795  1237  3613 I InputDispatcher: setInputWindows displayId=0 Window{cd6c485 u0 ScreenDecorOverlayBottom} Window{58a9a76 u0 ScreenDecorOverlay} Window{85ba95f u0 NavigationBar0} Window{aefd95e u0 StatusBar} Splash Screen com.example.lunchtray#1 Window{abf1917 u0 com.example.lunchtray/androidx.fragment.app.testing.FragmentScenario$EmptyFragmentActivity} Window{accad1c u0 com.android.systemui.ImageWallpaper}
02-05 23:32:12.795  1237  2727 I FZ2.LISTEN: ignore this pop window change of not system window
02-05 23:32:12.796  1620  1620 D NavigationBar: onSystemBarAppearanceChanged: appearance = 16
02-05 23:32:12.808   671  7638 W AudioALSACaptureDataProviderNormal: readThread, latency_in_s,0.000001,0.039732,0.000041, totalTime 0.039773 > logTimeout 0.022000 TIMEOUT!!
02-05 23:32:12.811   966  1033 D AAL     : 02-05 11:32:12.761 BL= 543,ESS= 256, 02-05 11:32:12.769 BL= 542,ESS= 256, 02-05 11:32:12.794 BL= 543,ESS= 256, 02-05 11:32:12.803 BL= 545,ESS= 256, 02-05 11:32:12.811 BL= 552,ESS= 256,
02-05 23:32:12.812  1237  1476 I InputDispatcher: setInputWindows displayId=0 Window{cd6c485 u0 ScreenDecorOverlayBottom} Window{58a9a76 u0 ScreenDecorOverlay} Window{85ba95f u0 NavigationBar0} Window{aefd95e u0 StatusBar} Window{abf1917 u0 com.example.lunchtray/androidx.fragment.app.testing.FragmentScenario$EmptyFragmentActivity} Window{accad1c u0 com.android.systemui.ImageWallpaper}
02-05 23:32:12.812  1237  1476 I InputDispatcher: Window went away: Splash Screen com.example.lunchtray#1
02-05 23:32:12.812   717   717 I BufferQueueConsumer: [Splash Screen com.example.lunchtray#1](id:2cd00000808,api:0,p:-1,c:717) disconnect()
02-05 23:32:12.812   717   717 I BufferQueue: [Splash Screen com.example.lunchtray#1](this:0xb40000728c94a0c8,id:2056,api:2,p:-1,c:-1) onDestructor()
02-05 23:32:12.824   456   456 E SELinux : avc:  denied  { find } for pid=3582 uid=1000 name=tethering scontext=u:r:silead_manager_app:s0 tcontext=u:object_r:tethering_service:s0 tclass=service_manager permissive=0
02-05 23:32:12.828  1237  1476 I InputDispatcher: setInputWindows displayId=0 Window{cd6c485 u0 ScreenDecorOverlayBottom} Window{58a9a76 u0 ScreenDecorOverlay} Window{85ba95f u0 NavigationBar0} Window{aefd95e u0 StatusBar} Window{abf1917 u0 com.example.lunchtray/androidx.fragment.app.testing.FragmentScenario$EmptyFragmentActivity} Window{accad1c u0 com.android.systemui.ImageWallpaper}
02-05 23:32:12.844  1237  1476 I InputDispatcher: setInputWindows displayId=0 Window{cd6c485 u0 ScreenDecorOverlayBottom} Window{58a9a76 u0 ScreenDecorOverlay} Window{85ba95f u0 NavigationBar0} Window{aefd95e u0 StatusBar} Window{abf1917 u0 com.example.lunchtray/androidx.fragment.app.testing.FragmentScenario$EmptyFragmentActivity} Window{accad1c u0 com.android.systemui.ImageWallpaper}
02-05 23:32:12.848   671  7638 W AudioALSACaptureDataProviderNormal: readThread, latency_in_s,0.000000,0.039718,0.000040, totalTime 0.039759 > logTimeout 0.022000 TIMEOUT!!
02-05 23:32:12.861   966  1033 D AAL     : 02-05 11:32:12.819 BL= 553,ESS= 256, 02-05 11:32:12.828 BL= 556,ESS= 256, 02-05 11:32:12.836 BL= 557,ESS= 256, 02-05 11:32:12.853 BL= 558,ESS= 256, 02-05 11:32:12.861 BL= 559,ESS= 256,
02-05 23:32:12.888   671  7638 W AudioALSACaptureDataProviderNormal: readThread, latency_in_s,0.000000,0.039724,0.000040, totalTime 0.039765 > logTimeout 0.022000 TIMEOUT!!
02-05 23:32:12.919   966  1033 D AAL     : 02-05 11:32:12.869 BL= 560,ESS= 256, 02-05 11:32:12.886 BL= 561,ESS= 256, 02-05 11:32:12.894 BL= 562,ESS= 256, 02-05 11:32:12.911 BL= 563,ESS= 256, 02-05 11:32:12.919 BL= 564,ESS= 256,
02-05 23:32:12.928   671  7638 W AudioALSACaptureDataProviderNormal: readThread, latency_in_s,0.000001,0.039746,0.000039, totalTime 0.039785 > logTimeout 0.022000 TIMEOUT!!
02-05 23:32:12.947 17929 17952 I TestRunner: finished: navigate_to_side_menu_from_entree_menu(com.example.lunchtray.NavigationTests)
