02-05 23:32:03.609   717   717 I BufferQueue: [Splash Screen com.example.lunchtray#0](this:0xb40000728c929ec8,id:2022,api:2,p:-1,c:-1) onDestructor()
02-05 23:32:03.610  1237  3168 I InputDispatcher: Window went away: Splash Screen com.example.lunchtray#0
02-05 23:32:03.611  1620  1837 D MobileSignalController: roaming = false , isCdma = false::mCurrentState.iconGroup-= IconGroup(NotDefaultData)
02-05 23:32:03.611  1620  1837 I NetworkController.MobileSignalController(1): isImsOverWfc = false , mDisableWfc = false , mHideWfcInCsCall = false , isImsOverVoice = false , isLteNetWork = true,mCurrentState.imsRegState=1
02-05 23:32:03.611  1620  1620 D StatusBarSignalPolicy: state.show = falsestate.mMobileVolteId = 0 subId = 1
02-05 23:32:03.624  1237  3168 I InputDispatcher: setInputWindows displayId=0 Window{cd6c485 u0 ScreenDecorOverlayBottom} Window{58a9a76 u0 ScreenDecorOverlay} Window{85ba95f u0 NavigationBar0} Window{aefd95e u0 StatusBar} Window{35d1d8d u0 com.example.lunchtray/androidx.fragment.app.testing.FragmentScenario$EmptyFragmentActivity} Window{accad1c u0 com.android.systemui.ImageWallpaper}
02-05 23:32:03.628   671  7638 W AudioALSACaptureDataProviderNormal: readThread, latency_in_s,0.000000,0.039716,0.000037, totalTime 0.039754 > logTimeout 0.022000 TIMEOUT!!
02-05 23:32:03.634 17929 17952 D EventInjectionStrategy: Creating injection strategy with input manager.
02-05 23:32:03.634   966  1033 D AAL     : 02-05 11:32:03.601 BL= 528,ESS= 256, 02-05 11:32:03.609 BL= 529,ESS= 256, 02-05 11:32:03.618 BL= 531,ESS= 256, 02-05 11:32:03.626 BL= 546,ESS= 256, 02-05 11:32:03.634 BL= 547,ESS= 256,
02-05 23:32:03.634 17929 17952 W ample.lunchtra: Accessing hidden method Landroid/hardware/input/InputManager;->getInstance()Landroid/hardware/input/InputManager; (greylist, reflection, allowed)
02-05 23:32:03.634 17929 17952 W ample.lunchtra: Accessing hidden method Landroid/hardware/input/InputManager;->injectInputEvent(Landroid/view/InputEvent;I)Z (greylist, reflection, allowed)
02-05 23:32:03.634 17929 17952 W ample.lunchtra: Accessing hidden field Landroid/hardware/input/InputManager;->INJECT_INPUT_EVENT_MODE_WAIT_FOR_FINISH:I (greylist, reflection, allowed)
02-05 23:32:03.640  1237  3168 I InputDispatcher: setInputWindows displayId=0 Window{cd6c485 u0 ScreenDecorOverlayBottom} Window{58a9a76 u0 ScreenDecorOverlay} Window{85ba95f u0 NavigationBar0} Window{aefd95e u0 StatusBar} Window{35d1d8d u0 com.example.lunchtray/androidx.fragment.app.testing.FragmentScenario$EmptyFragmentActivity} Window{accad1c u0 com.android.systemui.ImageWallpaper}
02-05 23:32:03.645 17929 17952 W ample.lunchtra: Accessing hidden method Landroid/view/ViewConfiguration;->getDoubleTapMinTime()I (greylist, reflection, allowed)
02-05 23:32:03.649 17929 17929 W ample.lunchtra: Accessing hidden method Landroid/os/MessageQueue;->next()Landroid/os/Message; (greylist, reflection, allowed)
02-05 23:32:03.649 17929 17929 W ample.lunchtra: Accessing hidden field Landroid/os/MessageQueue;->mMessages:Landroid/os/Message; (greylist, reflection, allowed)
02-05 23:32:03.649 17929 17929 W ample.lunchtra: Accessing hidden method Landroid/os/Message;->recycleUnchecked()V (greylist, reflection, allowed)
02-05 23:32:03.651 17929 17929 W ample.lunchtra: Accessing hidden method Landroid/view/WindowManagerGlobal;->getInstance()Landroid/view/WindowManagerGlobal; (greylist, reflection, allowed)
02-05 23:32:03.651 17929 17929 W ample.lunchtra: Accessing hidden field Landroid/view/WindowManagerGlobal;->mViews:Ljava/util/ArrayList; (greylist, reflection, allowed)
02-05 23:32:03.651 17929 17929 W ample.lunchtra: Accessing hidden field Landroid/view/WindowManagerGlobal;->mParams:Ljava/util/ArrayList; (greylist, reflection, allowed)
02-05 23:32:03.655 17929 17929 I ViewInteraction: Performing 'single click' action on view view.getId() is <2131230842/com.example.lunchtray:id/cancel_button>
02-05 23:32:03.657  1237  3168 I InputDispatcher: setInputWindows displayId=0 Window{cd6c485 u0 ScreenDecorOverlayBottom} Window{58a9a76 u0 ScreenDecorOverlay} Window{85ba95f u0 NavigationBar0} Window{aefd95e u0 StatusBar} Window{35d1d8d u0 com.example.lunchtray/androidx.fragment.app.testing.FragmentScenario$EmptyFragmentActivity} Window{accad1c u0 com.android.systemui.ImageWallpaper}
02-05 23:32:03.658  2000  2000 D OrientationTouchTransformer: touchInValidSwipeRegions return false, x = 539.5 y = 970.5
02-05 23:32:03.658   695   730 I mtkpower@impl: [setBoost] Boost::INTERACTION,escap_time 467. leave_time:4200
02-05 23:32:03.658   695   730 I mtkpower@impl: [setBoost] Boost::INTERACTION,escape. durationMs:80
02-05 23:32:03.658   695   730 I mtkpower@impl: [setBoost] Boost::INTERACTION,escap_time 467. leave_time:4200
02-05 23:32:03.658   695   730 I mtkpower@impl: [setBoost] Boost::INTERACTION,escape. durationMs:80
02-05 23:32:03.659   695   776 I libPowerHal: [perfLockAcq] idx:1 hdl:60233 hint:25 pid:695 duration:500 => ret_hdl:60233
02-05 23:32:03.659   695   776 I libPowerHal: [PE] scn:1 hdl:60233 hint:25 comm:mtkpower@1.0-se pid:695
02-05 23:32:03.659   695   776 I libPowerHal: [perfLockRel] hdl:60224, idx:2
02-05 23:32:03.659   695   776 I libPowerHal: [PD] scn:2 hdl:60224 hint:25 comm:mtkpower@1.0-se pid:695
02-05 23:32:03.668   671  7638 W AudioALSACaptureDataProviderNormal: readThread, latency_in_s,0.000000,0.039741,0.000039, totalTime 0.039780 > logTimeout 0.022000 TIMEOUT!!
02-05 23:32:03.673  1237  3168 I InputDispatcher: setInputWindows displayId=0 Window{cd6c485 u0 ScreenDecorOverlayBottom} Window{58a9a76 u0 ScreenDecorOverlay} Window{85ba95f u0 NavigationBar0} Window{aefd95e u0 StatusBar} Window{35d1d8d u0 com.example.lunchtray/androidx.fragment.app.testing.FragmentScenario$EmptyFragmentActivity} Window{accad1c u0 com.android.systemui.ImageWallpaper}
02-05 23:32:03.690  1237  3168 I InputDispatcher: setInputWindows displayId=0 Window{cd6c485 u0 ScreenDecorOverlayBottom} Window{58a9a76 u0 ScreenDecorOverlay} Window{85ba95f u0 NavigationBar0} Window{aefd95e u0 StatusBar} Window{35d1d8d u0 com.example.lunchtray/androidx.fragment.app.testing.FragmentScenario$EmptyFragmentActivity} Window{accad1c u0 com.android.systemui.ImageWallpaper}
02-05 23:32:03.692   966  1033 D AAL     : 02-05 11:32:03.642 BL= 548,ESS= 256, 02-05 11:32:03.659 BL= 549,ESS= 256, 02-05 11:32:03.667 BL= 550,ESS= 256, 02-05 11:32:03.676 BL= 551,ESS= 256, 02-05 11:32:03.692 BL= 552,ESS= 256,
02-05 23:32:03.694   695   776 I mtkpower@impl: [powerd_req] TIMER_MSG_PERF_LOCK_TIMEOUT hdl:60211
02-05 23:32:03.694   695   776 I libPowerHal: [perfLockRel] hdl:60211, idx:0
02-05 23:32:03.694   695   776 I libPowerHal: [PD] scn:0 hdl:60211 lock_user:pnpmgr pid:2708 tid:2716 dur:500
02-05 23:32:03.699   695   776 I libPowerHal: [perfLockAcq] idx:0 hdl:60234 hint:25 pid:695 duration:500 => ret_hdl:60234
02-05 23:32:03.699   695   776 I libPowerHal: [PE] scn:0 hdl:60234 hint:25 comm:mtkpower@1.0-se pid:695
02-05 23:32:03.699   695   776 I libPowerHal: [perfLockRel] hdl:60233, idx:1
02-05 23:32:03.699   695   776 I libPowerHal: [PD] scn:1 hdl:60233 hint:25 comm:mtkpower@1.0-se pid:695
02-05 23:32:03.707  1237  3168 I InputDispatcher: setInputWindows displayId=0 Window{cd6c485 u0 ScreenDecorOverlayBottom} Window{58a9a76 u0 ScreenDecorOverlay} Window{85ba95f u0 NavigationBar0} Window{aefd95e u0 StatusBar} Window{35d1d8d u0 com.example.lunchtray/androidx.fragment.app.testing.FragmentScenario$EmptyFragmentActivity} Window{accad1c u0 com.android.systemui.ImageWallpaper}
02-05 23:32:03.708   671  7638 W AudioALSACaptureDataProviderNormal: readThread, latency_in_s,0.000000,0.039741,0.000036, totalTime 0.039777 > logTimeout 0.022000 TIMEOUT!!
02-05 23:32:03.724  1237  3168 I InputDispatcher: setInputWindows displayId=0 Window{cd6c485 u0 ScreenDecorOverlayBottom} Window{58a9a76 u0 ScreenDecorOverlay} Window{85ba95f u0 NavigationBar0} Window{aefd95e u0 StatusBar} Window{35d1d8d u0 com.example.lunchtray/androidx.fragment.app.testing.FragmentScenario$EmptyFragmentActivity} Window{accad1c u0 com.android.systemui.ImageWallpaper}
02-05 23:32:03.738   457   457 I hwservicemanager: getTransport: Cannot find entry vendor.mediatek.hardware.mtkradioex@2.0::IMtkRadioEx/mtkSmartRatSwitch1 in either framework or device manifest.
02-05 23:32:03.738   457   457 I hwservicemanager: getTransport: Cannot find entry vendor.mediatek.hardware.mtkradioex@2.0::IMtkRadioEx/mtkSmartRatSwitch2 in either framework or device manifest.
02-05 23:32:03.739   457   457 I hwservicemanager: getTransport: Cannot find entry vendor.mediatek.hardware.mtkradioex@2.0::IMtkRadioEx/mtkSmartRatSwitch3 in either framework or device manifest.
02-05 23:32:03.740  1237  3168 I InputDispatcher: setInputWindows displayId=0 Window{cd6c485 u0 ScreenDecorOverlayBottom} Window{58a9a76 u0 ScreenDecorOverlay} Window{85ba95f u0 NavigationBar0} Window{aefd95e u0 StatusBar} Window{35d1d8d u0 com.example.lunchtray/androidx.fragment.app.testing.FragmentScenario$EmptyFragmentActivity} Window{accad1c u0 com.android.systemui.ImageWallpaper}
02-05 23:32:03.748   671  7638 W AudioALSACaptureDataProviderNormal: readThread, latency_in_s,0.000001,0.039746,0.000040, totalTime 0.039787 > logTimeout 0.022000 TIMEOUT!!
02-05 23:32:03.751   966  1033 D AAL     : 02-05 11:32:03.701 BL= 553,ESS= 256, 02-05 11:32:03.717 BL= 554,ESS= 256, 02-05 11:32:03.726 BL= 555,ESS= 256, 02-05 11:32:03.734 BL= 556,ESS= 256, 02-05 11:32:03.751 BL= 557,ESS= 256,
02-05 23:32:03.757  1237  3168 I InputDispatcher: setInputWindows displayId=0 Window{cd6c485 u0 ScreenDecorOverlayBottom} Window{58a9a76 u0 ScreenDecorOverlay} Window{85ba95f u0 NavigationBar0} Window{aefd95e u0 StatusBar} Window{35d1d8d u0 com.example.lunchtray/androidx.fragment.app.testing.FragmentScenario$EmptyFragmentActivity} Window{accad1c u0 com.android.systemui.ImageWallpaper}
02-05 23:32:03.758 17929 17929 D LifecycleMonitor: Lifecycle status change: androidx.test.core.app.InstrumentationActivityInvoker$BootstrapActivity@5170907 in: STOPPED
02-05 23:32:03.759 17929 17929 V ActivityScenario: Activity lifecycle changed event received but ignored because the intent does not match. startActivityIntent=Intent { act=android.intent.action.MAIN cat=[android.intent.category.LAUNCHER] cmp=com.example.lunchtray/androidx.fragment.app.testing.FragmentScenario$EmptyFragmentActivity (has extras) }, activity.getIntent()=Intent { act=android.intent.action.MAIN cat=[android.intent.category.LAUNCHER] flg=0x10008000 cmp=com.example.lunchtray/androidx.test.core.app.InstrumentationActivityInvoker$BootstrapActivity (has extras) }, activity=androidx.test.core.app.InstrumentationActivityInvoker$BootstrapActivity@5170907
02-05 23:32:03.760  5372  5391 D Game_Utils: mode = 1
02-05 23:32:03.761  5372  5391 D Game_Utils: isTheMainScreen, displayId: 0  classname = androidx.fragment.app.testing.FragmentScenario$EmptyFragmentActivity
02-05 23:32:03.761  5372  5391 D Game_Utils: getTopPackageNameNew pkm = com.example.lunchtray
02-05 23:32:03.763  5372  5391 D Game_Utils: mode = 1
02-05 23:32:03.764  5372  5391 D Game_Utils: isTheMainScreen, displayId: 0  classname = androidx.fragment.app.testing.FragmentScenario$EmptyFragmentActivity
02-05 23:32:03.764  5372  5391 D Game_Utils: getTopClassNameNew className = androidx.fragment.app.testing.FragmentScenario$EmptyFragmentActivity
02-05 23:32:03.765  5372  5391 D Game_Utils: isQSplitscreenMode mode = 1
02-05 23:32:03.765  5372  5391 I SmartPanel_SmartPanelService: ASP topPkg: com.example.lunchtray  topClass = androidx.fragment.app.testing.FragmentScenario$EmptyFragmentActivity isSplitScreenfalse
02-05 23:32:03.765  5372  5391 I SmartPanel_SmartPanelService: ASP pkgName: com.example.lunchtray  screenState=false
02-05 23:32:03.766  5372  5391 D Game_Utils: isQSplitscreenMode mode = 1
02-05 23:32:03.768  5372  5391 D Game_Utils: mode = 1 clsname = androidx.fragment.app.testing.FragmentScenario$EmptyFragmentActivity
02-05 23:32:03.768  5372  5391 D Game_Utils: isTheMainScreen, displayId: 0  classname = androidx.fragment.app.testing.FragmentScenario$EmptyFragmentActivity
02-05 23:32:03.768  5372  5391 D SmartPanelService: handlerVideoStart isResume = true  VIDEO_PACKAGE =   pkgName = com.example.lunchtray
02-05 23:32:03.773  1237  1477 I InputDispatcher: setInputWindows displayId=0 Window{cd6c485 u0 ScreenDecorOverlayBottom} Window{58a9a76 u0 ScreenDecorOverlay} Window{85ba95f u0 NavigationBar0} Window{aefd95e u0 StatusBar} Window{35d1d8d u0 com.example.lunchtray/androidx.fragment.app.testing.FragmentScenario$EmptyFragmentActivity} Window{accad1c u0 com.android.systemui.ImageWallpaper}
02-05 23:32:03.788   671  7638 W AudioALSACaptureDataProviderNormal: readThread, latency_in_s,0.000001,0.039728,0.000039, totalTime 0.039768 > logTimeout 0.022000 TIMEOUT!!
02-05 23:32:03.789  2602 30222 I FontLog : Received query Noto Color Emoji Compat, URI content://com.google.android.gms.fonts [CONTEXT service_id=132 ]
02-05 23:32:03.789  2602 30222 I FontLog : Query [emojicompat-emoji-font] resolved to {Noto Color Emoji Compat, wdth 100.0, wght 400, ital 0.0, bestEffort false} [CONTEXT service_id=132 ]
02-05 23:32:03.790  1237  1477 I InputDispatcher: setInputWindows displayId=0 Window{cd6c485 u0 ScreenDecorOverlayBottom} Window{58a9a76 u0 ScreenDecorOverlay} Window{85ba95f u0 NavigationBar0} Window{aefd95e u0 StatusBar} Window{35d1d8d u0 com.example.lunchtray/androidx.fragment.app.testing.FragmentScenario$EmptyFragmentActivity} Window{accad1c u0 com.android.systemui.ImageWallpaper}
02-05 23:32:03.791  2602 30222 I FontLog : Fetch {Noto Color Emoji Compat, wdth 100.0, wght 400, ital 0.0, bestEffort false} end status Status{statusCode=SUCCESS, resolution=null} [CONTEXT service_id=132 ]
02-05 23:32:03.795   456   456 E SELinux : avc:  denied  { find } for pid=3582 uid=1000 name=tethering scontext=u:r:silead_manager_app:s0 tcontext=u:object_r:tethering_service:s0 tclass=service_manager permissive=0
02-05 23:32:03.796  2602 30222 I FontLog : Pulling font file for id = 131, cache size = 7 [CONTEXT service_id=132 ]
02-05 23:32:03.799  2602 30222 I FontLog : Pulling font file for id = 131, cache size = 7 [CONTEXT service_id=132 ]
02-05 23:32:03.807  1237  1477 I InputDispatcher: setInputWindows displayId=0 Window{cd6c485 u0 ScreenDecorOverlayBottom} Window{58a9a76 u0 ScreenDecorOverlay} Window{85ba95f u0 NavigationBar0} Window{aefd95e u0 StatusBar} Window{35d1d8d u0 com.example.lunchtray/androidx.fragment.app.testing.FragmentScenario$EmptyFragmentActivity} Window{accad1c u0 com.android.systemui.ImageWallpaper}
02-05 23:32:03.809   966  1033 D AAL     : 02-05 11:32:03.759 BL= 558,ESS= 256, 02-05 11:32:03.775 BL= 559,ESS= 256, 02-05 11:32:03.784 BL= 560,ESS= 256, 02-05 11:32:03.800 BL= 561,ESS= 256, 02-05 11:32:03.809 BL= 562,ESS= 256,
02-05 23:32:03.828   671  7638 W AudioALSACaptureDataProviderNormal: readThread, latency_in_s,0.000001,0.039751,0.000042, totalTime 0.039794 > logTimeout 0.022000 TIMEOUT!!
02-05 23:32:03.867   966  1033 D AAL     : 02-05 11:32:03.817 BL= 563,ESS= 256, 02-05 11:32:03.834 BL= 564,ESS= 256, 02-05 11:32:03.842 BL= 565,ESS= 256, 02-05 11:32:03.859 BL= 566,ESS= 256, 02-05 11:32:03.867 BL= 567,ESS= 256,
02-05 23:32:03.868   671  7638 W AudioALSACaptureDataProviderNormal: readThread, latency_in_s,0.000001,0.039745,0.000038, totalTime 0.039784 > logTimeout 0.022000 TIMEOUT!!
02-05 23:32:03.908   671  7638 W AudioALSACaptureDataProviderNormal: readThread, latency_in_s,0.000000,0.039738,0.000036, totalTime 0.039774 > logTimeout 0.022000 TIMEOUT!!
02-05 23:32:03.925   966  1033 D AAL     : 02-05 11:32:03.875 BL= 568,ESS= 256, 02-05 11:32:03.892 BL= 569,ESS= 256, 02-05 11:32:03.900 BL= 570,ESS= 256, 02-05 11:32:03.917 BL= 571,ESS= 256, 02-05 11:32:03.925 BL= 572,ESS= 256,
02-05 23:32:03.926 17929 17952 I TestRunner: finished: navigate_to_start_order_from_checkout(com.example.lunchtray.NavigationTests)
