02-05 23:32:10.457  1237  3612 I InputDispatcher: setInputWindows displayId=0 Window{cd6c485 u0 ScreenDecorOverlayBottom} Window{58a9a76 u0 ScreenDecorOverlay} Window{85ba95f u0 NavigationBar0} Window{aefd95e u0 StatusBar} Splash Screen com.example.lunchtray#0 Window{30a052a u0 com.example.lunchtray/androidx.fragment.app.testing.FragmentScenario$EmptyFragmentActivity} com.transsion.XOSLauncher/com.android.launcher3.XApplication#0 com.transsion.XOSLauncher/com.android.quickstep.recents_ui_overrides.src.com.android.launcher3.uioverrides.QuickstepLauncher#0 Window{accad1c u0 com.android.systemui.ImageWallpaper}
02-05 23:32:10.474  1237  3612 I InputDispatcher: setInputWindows displayId=0 Window{cd6c485 u0 ScreenDecorOverlayBottom} Window{58a9a76 u0 ScreenDecorOverlay} Window{85ba95f u0 NavigationBar0} Window{aefd95e u0 StatusBar} Splash Screen com.example.lunchtray#0 Window{30a052a u0 com.example.lunchtray/androidx.fragment.app.testing.FragmentScenario$EmptyFragmentActivity} com.transsion.XOSLauncher/com.android.launcher3.XApplication#0 com.transsion.XOSLauncher/com.android.quickstep.recents_ui_overrides.src.com.android.launcher3.uioverrides.QuickstepLauncher#0 Window{accad1c u0 com.android.systemui.ImageWallpaper}
02-05 23:32:10.484   695   776 I libPowerHal: [perfLockAcq] idx:7 hdl:60307 hint:25 pid:695 duration:500 => ret_hdl:60307
02-05 23:32:10.484   695   776 I libPowerHal: [PE] scn:7 hdl:60307 hint:25 comm:mtkpower@1.0-se pid:695
02-05 23:32:10.485   695   776 I libPowerHal: [perfLockRel] hdl:60306, idx:6
02-05 23:32:10.485   695   776 I libPowerHal: [PD] scn:6 hdl:60306 hint:25 comm:mtkpower@1.0-se pid:695
02-05 23:32:10.488   671  7638 W AudioALSACaptureDataProviderNormal: readThread, latency_in_s,0.000000,0.039884,0.000033, totalTime 0.039918 > logTimeout 0.022000 TIMEOUT!!
02-05 23:32:10.490  1237  3612 I InputDispatcher: setInputWindows displayId=0 Window{cd6c485 u0 ScreenDecorOverlayBottom} Window{58a9a76 u0 ScreenDecorOverlay} Window{85ba95f u0 NavigationBar0} Window{aefd95e u0 StatusBar} Splash Screen com.example.lunchtray#0 Window{30a052a u0 com.example.lunchtray/androidx.fragment.app.testing.FragmentScenario$EmptyFragmentActivity} com.transsion.XOSLauncher/com.android.launcher3.XApplication#0 com.transsion.XOSLauncher/com.android.quickstep.recents_ui_overrides.src.com.android.launcher3.uioverrides.QuickstepLauncher#0 Window{accad1c u0 com.android.systemui.ImageWallpaper}
02-05 23:32:10.507  1237  8129 I FZ2.LISTEN: ignore this pop window change of not system window
02-05 23:32:10.508  1237  3612 I InputDispatcher: setInputWindows displayId=0 Window{cd6c485 u0 ScreenDecorOverlayBottom} Window{58a9a76 u0 ScreenDecorOverlay} Window{85ba95f u0 NavigationBar0} Window{aefd95e u0 StatusBar} Splash Screen com.example.lunchtray#0 Window{30a052a u0 com.example.lunchtray/androidx.fragment.app.testing.FragmentScenario$EmptyFragmentActivity} com.transsion.XOSLauncher/com.android.launcher3.XApplication#0 com.transsion.XOSLauncher/com.android.quickstep.recents_ui_overrides.src.com.android.launcher3.uioverrides.QuickstepLauncher#0 Window{accad1c u0 com.android.systemui.ImageWallpaper}
02-05 23:32:10.509  1620  1620 D NavigationBar: onSystemBarAppearanceChanged: appearance = 16
02-05 23:32:10.515   966  1033 D AAL     : 02-05 11:32:10.465 BL= 545,ESS= 256, 02-05 11:32:10.473 BL= 544,ESS= 256, 02-05 11:32:10.481 BL= 542,ESS= 256, 02-05 11:32:10.490 BL= 541,ESS= 256, 02-05 11:32:10.515 BL= 543,ESS= 256,
02-05 23:32:10.524  1237  3612 I InputDispatcher: setInputWindows displayId=0 Window{cd6c485 u0 ScreenDecorOverlayBottom} Window{58a9a76 u0 ScreenDecorOverlay} Window{85ba95f u0 NavigationBar0} Window{aefd95e u0 StatusBar} Window{30a052a u0 com.example.lunchtray/androidx.fragment.app.testing.FragmentScenario$EmptyFragmentActivity} com.transsion.XOSLauncher/com.android.launcher3.XApplication#0 com.transsion.XOSLauncher/com.android.quickstep.recents_ui_overrides.src.com.android.launcher3.uioverrides.QuickstepLauncher#0 Window{accad1c u0 com.android.systemui.ImageWallpaper}
02-05 23:32:10.524  1237  3612 I InputDispatcher: Window went away: Splash Screen com.example.lunchtray#0
02-05 23:32:10.525   717   717 I BufferQueueConsumer: [Splash Screen com.example.lunchtray#0](id:2cd000007fe,api:0,p:-1,c:717) disconnect()
02-05 23:32:10.525   717   717 I BufferQueue: [Splash Screen com.example.lunchtray#0](this:0xb40000728c9a6688,id:2046,api:2,p:-1,c:-1) onDestructor()
02-05 23:32:10.528   671  7638 W AudioALSACaptureDataProviderNormal: readThread, latency_in_s,0.000001,0.039745,0.000035, totalTime 0.039781 > logTimeout 0.022000 TIMEOUT!!
02-05 23:32:10.541  1237  3612 I InputDispatcher: setInputWindows displayId=0 Window{cd6c485 u0 ScreenDecorOverlayBottom} Window{58a9a76 u0 ScreenDecorOverlay} Window{85ba95f u0 NavigationBar0} Window{aefd95e u0 StatusBar} Window{30a052a u0 com.example.lunchtray/androidx.fragment.app.testing.FragmentScenario$EmptyFragmentActivity} com.transsion.XOSLauncher/com.android.launcher3.XApplication#0 com.transsion.XOSLauncher/com.android.quickstep.recents_ui_overrides.src.com.android.launcher3.uioverrides.QuickstepLauncher#0 Window{accad1c u0 com.android.systemui.ImageWallpaper}
02-05 23:32:10.550   695   776 I mtkpower@impl: [powerd_req] TIMER_MSG_PERF_LOCK_TIMEOUT hdl:60299
02-05 23:32:10.550   695   776 I libPowerHal: [perfLockRel] hdl:60299, idx:0
02-05 23:32:10.550   695   776 I libPowerHal: [PD] scn:0 hdl:60299 hint:0 comm:mtkpower@1.0-se pid:695
02-05 23:32:10.556  5350  5477 D phonemaster_log: HiManager_DesktopTagsUtil: checkShowTags result=false
02-05 23:32:10.557  1237  3612 I InputDispatcher: setInputWindows displayId=0 Window{cd6c485 u0 ScreenDecorOverlayBottom} Window{58a9a76 u0 ScreenDecorOverlay} Window{85ba95f u0 NavigationBar0} Window{aefd95e u0 StatusBar} Window{30a052a u0 com.example.lunchtray/androidx.fragment.app.testing.FragmentScenario$EmptyFragmentActivity} com.transsion.XOSLauncher/com.android.launcher3.XApplication#0 com.transsion.XOSLauncher/com.android.quickstep.recents_ui_overrides.src.com.android.launcher3.uioverrides.QuickstepLauncher#0 Window{accad1c u0 com.android.systemui.ImageWallpaper}
02-05 23:32:10.558   966  1033 D AAL     : 02-05 11:32:10.523 BL= 544,ESS= 256, 02-05 11:32:10.532 BL= 545,ESS= 256, 02-05 11:32:10.540 BL= 546,ESS= 256, 02-05 11:32:10.548 BL= 552,ESS= 256, 02-05 11:32:10.558 BL= 553,ESS= 256,
02-05 23:32:10.559 17929 17929 D LifecycleMonitor: Lifecycle status change: androidx.test.core.app.InstrumentationActivityInvoker$BootstrapActivity@636f0e6 in: STOPPED
02-05 23:32:10.559 17929 17929 V ActivityScenario: Activity lifecycle changed event received but ignored because the intent does not match. startActivityIntent=Intent { act=android.intent.action.MAIN cat=[android.intent.category.LAUNCHER] cmp=com.example.lunchtray/androidx.fragment.app.testing.FragmentScenario$EmptyFragmentActivity (has extras) }, activity.getIntent()=Intent { act=android.intent.action.MAIN cat=[android.intent.category.LAUNCHER] flg=0x10008000 cmp=com.example.lunchtray/androidx.test.core.app.InstrumentationActivityInvoker$BootstrapActivity (has extras) }, activity=androidx.test.core.app.InstrumentationActivityInvoker$BootstrapActivity@636f0e6
02-05 23:32:10.559 17929 17929 I chatty  : uid=10673(com.example.lunchtray) identical 5 lines
02-05 23:32:10.560 17929 17929 V ActivityScenario: Activity lifecycle changed event received but ignored because the intent does not match. startActivityIntent=Intent { act=android.intent.action.MAIN cat=[android.intent.category.LAUNCHER] cmp=com.example.lunchtray/androidx.fragment.app.testing.FragmentScenario$EmptyFragmentActivity (has extras) }, activity.getIntent()=Intent { act=android.intent.action.MAIN cat=[android.intent.category.LAUNCHER] flg=0x10008000 cmp=com.example.lunchtray/androidx.test.core.app.InstrumentationActivityInvoker$BootstrapActivity (has extras) }, activity=androidx.test.core.app.InstrumentationActivityInvoker$BootstrapActivity@636f0e6
02-05 23:32:10.561  5372  9229 D Game_Utils: mode = 1
02-05 23:32:10.563  5372  9229 D Game_Utils: isTheMainScreen, displayId: 0  classname = androidx.fragment.app.testing.FragmentScenario$EmptyFragmentActivity
02-05 23:32:10.563  5372  9229 D Game_Utils: getTopPackageNameNew pkm = com.example.lunchtray
02-05 23:32:10.565  5372  9229 D Game_Utils: mode = 1
02-05 23:32:10.566  5372  9229 D Game_Utils: isTheMainScreen, displayId: 0  classname = androidx.fragment.app.testing.FragmentScenario$EmptyFragmentActivity
02-05 23:32:10.566  5372  9229 D Game_Utils: getTopClassNameNew className = androidx.fragment.app.testing.FragmentScenario$EmptyFragmentActivity
02-05 23:32:10.568  5372  9229 D Game_Utils: isQSplitscreenMode mode = 1
02-05 23:32:10.568  5372  9229 I SmartPanel_SmartPanelService: ASP topPkg: com.example.lunchtray  topClass = androidx.fragment.app.testing.FragmentScenario$EmptyFragmentActivity isSplitScreenfalse
02-05 23:32:10.568   671  7638 W AudioALSACaptureDataProviderNormal: readThread, latency_in_s,0.000001,0.039753,0.000042, totalTime 0.039796 > logTimeout 0.022000 TIMEOUT!!
02-05 23:32:10.568  5372  9229 I SmartPanel_SmartPanelService: ASP pkgName: com.example.lunchtray  screenState=false
02-05 23:32:10.569  5372  9229 D Game_Utils: isQSplitscreenMode mode = 1
02-05 23:32:10.571  5372  9229 D Game_Utils: mode = 1 clsname = androidx.fragment.app.testing.FragmentScenario$EmptyFragmentActivity
02-05 23:32:10.572  5372  9229 D Game_Utils: isTheMainScreen, displayId: 0  classname = androidx.fragment.app.testing.FragmentScenario$EmptyFragmentActivity
02-05 23:32:10.572  5372  9229 D SmartPanelService: handlerVideoStart isResume = true  VIDEO_PACKAGE =   pkgName = com.example.lunchtray
02-05 23:32:10.573  2000  2000 I UnlockManager-: onWindowVisibilityChanged   visibility:8
02-05 23:32:10.574  1237  3612 I InputDispatcher: setInputWindows displayId=0 Window{cd6c485 u0 ScreenDecorOverlayBottom} Window{58a9a76 u0 ScreenDecorOverlay} Window{85ba95f u0 NavigationBar0} Window{aefd95e u0 StatusBar} Window{30a052a u0 com.example.lunchtray/androidx.fragment.app.testing.FragmentScenario$EmptyFragmentActivity} com.transsion.XOSLauncher/com.android.launcher3.XApplication#0 com.transsion.XOSLauncher/com.android.quickstep.recents_ui_overrides.src.com.android.launcher3.uioverrides.QuickstepLauncher#0 Window{accad1c u0 com.android.systemui.ImageWallpaper}
02-05 23:32:10.576  5372  9229 D Game_Utils: mode = 1
02-05 23:32:10.576   717  2034 I BufferQueueProducer: [com.transsion.XOSLauncher/com.android.quickstep.recents_ui_overrides.src.com.android.launcher3.uioverrides.QuickstepLauncher#0](id:2cd000007fd,api:1,p:2000,c:717) disconnect(): api=1
02-05 23:32:10.581  5372  9229 D Game_Utils: isTheMainScreen, displayId: 0  classname = androidx.fragment.app.testing.FragmentScenario$EmptyFragmentActivity
02-05 23:32:10.582  5372  9229 D Game_Utils: getTopPackageNameNew pkm = com.example.lunchtray
02-05 23:32:10.588  5372  9229 D Game_Utils: mode = 1
02-05 23:32:10.588  1989  1989 I TranPhoneSwitcher: msg104
02-05 23:32:10.589  5372  9229 D Game_Utils: isTheMainScreen, displayId: 0  classname = androidx.fragment.app.testing.FragmentScenario$EmptyFragmentActivity
02-05 23:32:10.589  5372  9229 D Game_Utils: getTopClassNameNew className = androidx.fragment.app.testing.FragmentScenario$EmptyFragmentActivity
02-05 23:32:10.591  1237  2098 I InputDispatcher: setInputWindows displayId=0 Window{cd6c485 u0 ScreenDecorOverlayBottom} Window{58a9a76 u0 ScreenDecorOverlay} Window{85ba95f u0 NavigationBar0} Window{aefd95e u0 StatusBar} Window{30a052a u0 com.example.lunchtray/androidx.fragment.app.testing.FragmentScenario$EmptyFragmentActivity} com.transsion.XOSLauncher/com.android.launcher3.XApplication#0 com.transsion.XOSLauncher/com.android.quickstep.recents_ui_overrides.src.com.android.launcher3.uioverrides.QuickstepLauncher#0 Window{accad1c u0 com.android.systemui.ImageWallpaper}
02-05 23:32:10.592  2000  2000 V PhoneWindow: DecorView setVisiblity: visibility = 4, Parent = android.view.ViewRootImpl@6933ade, this = DecorView@e53e4bf[QuickstepLauncher]
02-05 23:32:10.594  5372  9229 D Game_Utils: isQSplitscreenMode mode = 1
02-05 23:32:10.595  5372  9229 I SmartPanel_SmartPanelService: ASP topPkg: com.example.lunchtray  topClass = androidx.fragment.app.testing.FragmentScenario$EmptyFragmentActivity isSplitScreenfalse
02-05 23:32:10.595  5372  9229 I SmartPanel_SmartPanelService: ASP pkgName: com.transsion.XOSLauncher  screenState=false
02-05 23:32:10.607  1237  1476 I InputDispatcher: setInputWindows displayId=0 Window{cd6c485 u0 ScreenDecorOverlayBottom} Window{58a9a76 u0 ScreenDecorOverlay} Window{85ba95f u0 NavigationBar0} Window{aefd95e u0 StatusBar} Window{30a052a u0 com.example.lunchtray/androidx.fragment.app.testing.FragmentScenario$EmptyFragmentActivity} Window{accad1c u0 com.android.systemui.ImageWallpaper}
02-05 23:32:10.607  1237  1476 I InputDispatcher: Window went away: com.transsion.XOSLauncher/com.android.launcher3.XApplication#0
02-05 23:32:10.607  1237  1476 I InputDispatcher: Window went away: com.transsion.XOSLauncher/com.android.quickstep.recents_ui_overrides.src.com.android.launcher3.uioverrides.QuickstepLauncher#0
02-05 23:32:10.608   671  7638 W AudioALSACaptureDataProviderNormal: readThread, latency_in_s,0.000001,0.039752,0.000038, totalTime 0.039791 > logTimeout 0.022000 TIMEOUT!!
02-05 23:32:10.615   966  1033 D AAL     : 02-05 11:32:10.565 BL= 554,ESS= 256, 02-05 11:32:10.573 BL= 555,ESS= 256, 02-05 11:32:10.591 BL= 556,ESS= 256, 02-05 11:32:10.598 BL= 557,ESS= 256, 02-05 11:32:10.615 BL= 558,ESS= 256,
02-05 23:32:10.616   456   456 E SELinux : avc:  denied  { find } for pid=3582 uid=1000 name=tethering scontext=u:r:silead_manager_app:s0 tcontext=u:object_r:tethering_service:s0 tclass=service_manager permissive=0
02-05 23:32:10.623   717   717 I BufferQueueConsumer: [com.transsion.XOSLauncher/com.android.launcher3.XApplication#0](id:2cd000007fc,api:0,p:-1,c:717) disconnect()
02-05 23:32:10.623   717   717 I BufferQueue: [com.transsion.XOSLauncher/com.android.launcher3.XApplication#0](this:0xb40000728c95b1d8,id:2044,api:1,p:-1,c:-1) onDestructor()
02-05 23:32:10.624   717   717 I BufferQueueConsumer: [com.transsion.XOSLauncher/com.android.quickstep.recents_ui_overrides.src.com.android.launcher3.uioverrides.QuickstepLauncher#0](id:2cd000007fd,api:0,p:-1,c:717) disconnect()
02-05 23:32:10.624   717   717 I BufferQueue: [com.transsion.XOSLauncher/com.android.quickstep.recents_ui_overrides.src.com.android.launcher3.uioverrides.QuickstepLauncher#0](this:0xb40000728c852158,id:2045,api:1,p:-1,c:-1) onDestructor()
02-05 23:32:10.624  1237  1476 I InputDispatcher: setInputWindows displayId=0 Window{cd6c485 u0 ScreenDecorOverlayBottom} Window{58a9a76 u0 ScreenDecorOverlay} Window{85ba95f u0 NavigationBar0} Window{aefd95e u0 StatusBar} Window{30a052a u0 com.example.lunchtray/androidx.fragment.app.testing.FragmentScenario$EmptyFragmentActivity} Window{accad1c u0 com.android.systemui.ImageWallpaper}
02-05 23:32:10.632   695   776 I mtkpower@impl: [powerd_req] TIMER_MSG_PERF_LOCK_TIMEOUT hdl:60305
02-05 23:32:10.632   695   776 I libPowerHal: [perfLockRel] hdl:60305, idx:1
02-05 23:32:10.632   695   776 I libPowerHal: [PD] scn:1 hdl:60305 hint:0 comm:mtkpower@1.0-se pid:695
02-05 23:32:10.648   671  7638 W AudioALSACaptureDataProviderNormal: readThread, latency_in_s,0.000000,0.039692,0.000044, totalTime 0.039736 > logTimeout 0.022000 TIMEOUT!!
02-05 23:32:10.673  1620 17602 I System.out: [OkHttp] sendRequest>>
02-05 23:32:10.673  1620 17602 I System.out: [OkHttp] sendRequest<<
02-05 23:32:10.673   966  1033 D AAL     : 02-05 11:32:10.623 BL= 559,ESS= 256, 02-05 11:32:10.631 BL= 560,ESS= 256, 02-05 11:32:10.648 BL= 561,ESS= 256, 02-05 11:32:10.656 BL= 562,ESS= 256, 02-05 11:32:10.673 BL= 563,ESS= 256,
02-05 23:32:10.688   671  7638 W AudioALSACaptureDataProviderNormal: readThread, latency_in_s,0.000001,0.039704,0.000042, totalTime 0.039747 > logTimeout 0.022000 TIMEOUT!!
02-05 23:32:10.709 17929 17952 I TestRunner: finished: navigate_to_accompaniment_menu_from_side_menu(com.example.lunchtray.NavigationTests)
