02-05 23:32:09.282   695   776 I libPowerHal: [PE] scn:2 hdl:60292 hint:25 comm:mtkpower@1.0-se pid:695
02-05 23:32:09.282   695   776 I libPowerHal: [PE] MTKPOWER_HINT_APP_TOUCH update cmd:3408600 param:1
02-05 23:32:09.282  2000  2000 D OrientationTouchTransformer: touchInValidSwipeRegions return false, x = 281.5 y = 1072.5
02-05 23:32:09.282   695   730 I mtkpower@impl: [setBoost] Boost::INTERACTION,escap_time 59. leave_time:391
02-05 23:32:09.282   695   730 I mtkpower@impl: [setBoost] Boost::INTERACTION,escape. durationMs:80
02-05 23:32:09.283   695   730 I mtkpower@impl: [setBoost] Boost::INTERACTION,escap_time 59. leave_time:391
02-05 23:32:09.283   695   730 I mtkpower@impl: [setBoost] Boost::INTERACTION,escape. durationMs:80
02-05 23:32:09.283   695   776 I libPowerHal: [perfLockRel] hdl:60279, idx:-1
02-05 23:32:09.288   671  7638 W AudioALSACaptureDataProviderNormal: readThread, latency_in_s,0.000001,0.039703,0.000024, totalTime 0.039728 > logTimeout 0.022000 TIMEOUT!!
02-05 23:32:09.290  1237  2098 I InputDispatcher: setInputWindows displayId=0 Window{cd6c485 u0 ScreenDecorOverlayBottom} Window{58a9a76 u0 ScreenDecorOverlay} Window{85ba95f u0 NavigationBar0} Window{aefd95e u0 StatusBar} Splash Screen com.example.lunchtray#0 Window{96f5813 u0 com.example.lunchtray/androidx.fragment.app.testing.FragmentScenario$EmptyFragmentActivity} Window{accad1c u0 com.android.systemui.ImageWallpaper}
02-05 23:32:09.307  1237  2098 I InputDispatcher: setInputWindows displayId=0 Window{cd6c485 u0 ScreenDecorOverlayBottom} Window{58a9a76 u0 ScreenDecorOverlay} Window{85ba95f u0 NavigationBar0} Window{aefd95e u0 StatusBar} Splash Screen com.example.lunchtray#0 Window{96f5813 u0 com.example.lunchtray/androidx.fragment.app.testing.FragmentScenario$EmptyFragmentActivity} Window{accad1c u0 com.android.systemui.ImageWallpaper}
02-05 23:32:09.317   966  1033 D AAL     : 02-05 11:32:09.283 BL= 543,ESS= 256, 02-05 11:32:09.292 BL= 542,ESS= 256, 02-05 11:32:09.300 BL= 541,ESS= 256, 02-05 11:32:09.308 BL= 539,ESS= 256, 02-05 11:32:09.317 BL= 538,ESS= 256,
02-05 23:32:09.322   695   776 I libPowerHal: [perfLockAcq] idx:7 hdl:60293 hint:25 pid:695 duration:500 => ret_hdl:60293
02-05 23:32:09.322   695   776 I libPowerHal: [PE] scn:7 hdl:60293 hint:25 comm:mtkpower@1.0-se pid:695
02-05 23:32:09.322   695   776 I libPowerHal: [perfLockRel] hdl:60292, idx:2
02-05 23:32:09.322   695   776 I libPowerHal: [PD] scn:2 hdl:60292 hint:25 comm:mtkpower@1.0-se pid:695
02-05 23:32:09.324  1237  2098 I InputDispatcher: setInputWindows displayId=0 Window{cd6c485 u0 ScreenDecorOverlayBottom} Window{58a9a76 u0 ScreenDecorOverlay} Window{85ba95f u0 NavigationBar0} Window{aefd95e u0 StatusBar} Splash Screen com.example.lunchtray#0 Window{96f5813 u0 com.example.lunchtray/androidx.fragment.app.testing.FragmentScenario$EmptyFragmentActivity} Window{accad1c u0 com.android.systemui.ImageWallpaper}
02-05 23:32:09.328   671  7638 W AudioALSACaptureDataProviderNormal: readThread, latency_in_s,0.000000,0.039848,0.000037, totalTime 0.039885 > logTimeout 0.022000 TIMEOUT!!
02-05 23:32:09.340  1237  2098 I InputDispatcher: setInputWindows displayId=0 Window{cd6c485 u0 ScreenDecorOverlayBottom} Window{58a9a76 u0 ScreenDecorOverlay} Window{85ba95f u0 NavigationBar0} Window{aefd95e u0 StatusBar} Splash Screen com.example.lunchtray#0 Window{96f5813 u0 com.example.lunchtray/androidx.fragment.app.testing.FragmentScenario$EmptyFragmentActivity} Window{accad1c u0 com.android.systemui.ImageWallpaper}
02-05 23:32:09.357  1237  2098 I InputDispatcher: setInputWindows displayId=0 Window{cd6c485 u0 ScreenDecorOverlayBottom} Window{58a9a76 u0 ScreenDecorOverlay} Window{85ba95f u0 NavigationBar0} Window{aefd95e u0 StatusBar} Splash Screen com.example.lunchtray#0 Window{96f5813 u0 com.example.lunchtray/androidx.fragment.app.testing.FragmentScenario$EmptyFragmentActivity} Window{accad1c u0 com.android.systemui.ImageWallpaper}
02-05 23:32:09.358   966  1033 D AAL     : 02-05 11:32:09.325 BL= 537,ESS= 256, 02-05 11:32:09.333 BL= 536,ESS= 256, 02-05 11:32:09.342 BL= 535,ESS= 256, 02-05 11:32:09.350 BL= 533,ESS= 256, 02-05 11:32:09.358 BL= 535,ESS= 256,
02-05 23:32:09.368   671  7638 W AudioALSACaptureDataProviderNormal: readThread, latency_in_s,0.000001,0.039763,0.000042, totalTime 0.039805 > logTimeout 0.022000 TIMEOUT!!
02-05 23:32:09.374  1237  2098 I InputDispatcher: setInputWindows displayId=0 Window{cd6c485 u0 ScreenDecorOverlayBottom} Window{58a9a76 u0 ScreenDecorOverlay} Window{85ba95f u0 NavigationBar0} Window{aefd95e u0 StatusBar} Splash Screen com.example.lunchtray#0 Window{96f5813 u0 com.example.lunchtray/androidx.fragment.app.testing.FragmentScenario$EmptyFragmentActivity} Window{accad1c u0 com.android.systemui.ImageWallpaper}
02-05 23:32:09.374  1237  6630 I FZ2.LISTEN: ignore this pop window change of not system window
02-05 23:32:09.374  1620  1620 D NavigationBar: onSystemBarAppearanceChanged: appearance = 16
02-05 23:32:09.390  1237  1477 I InputDispatcher: setInputWindows displayId=0 Window{cd6c485 u0 ScreenDecorOverlayBottom} Window{58a9a76 u0 ScreenDecorOverlay} Window{85ba95f u0 NavigationBar0} Window{aefd95e u0 StatusBar} Window{96f5813 u0 com.example.lunchtray/androidx.fragment.app.testing.FragmentScenario$EmptyFragmentActivity} Window{accad1c u0 com.android.systemui.ImageWallpaper}
02-05 23:32:09.390  1237  1477 I InputDispatcher: Window went away: Splash Screen com.example.lunchtray#0
02-05 23:32:09.391   717   717 I BufferQueueConsumer: [Splash Screen com.example.lunchtray#0](id:2cd000007fa,api:0,p:-1,c:717) disconnect()
02-05 23:32:09.391   717   717 I BufferQueue: [Splash Screen com.example.lunchtray#0](this:0xb40000728c8874a8,id:2042,api:2,p:-1,c:-1) onDestructor()
02-05 23:32:09.400   966  1033 D AAL     : 02-05 11:32:09.367 BL= 536,ESS= 256, 02-05 11:32:09.375 BL= 537,ESS= 256, 02-05 11:32:09.383 BL= 538,ESS= 256, 02-05 11:32:09.392 BL= 539,ESS= 256, 02-05 11:32:09.400 BL= 541,ESS= 256,
02-05 23:32:09.408  1237  1477 I InputDispatcher: setInputWindows displayId=0 Window{cd6c485 u0 ScreenDecorOverlayBottom} Window{58a9a76 u0 ScreenDecorOverlay} Window{85ba95f u0 NavigationBar0} Window{aefd95e u0 StatusBar} Window{96f5813 u0 com.example.lunchtray/androidx.fragment.app.testing.FragmentScenario$EmptyFragmentActivity} Window{accad1c u0 com.android.systemui.ImageWallpaper}
02-05 23:32:09.408   671  7638 W AudioALSACaptureDataProviderNormal: readThread, latency_in_s,0.000000,0.039810,0.000068, totalTime 0.039878 > logTimeout 0.022000 TIMEOUT!!
02-05 23:32:09.412   456   456 E SELinux : avc:  denied  { find } for pid=3582 uid=1000 name=tethering scontext=u:r:silead_manager_app:s0 tcontext=u:object_r:tethering_service:s0 tclass=service_manager permissive=0
02-05 23:32:09.424  1237  2098 I InputDispatcher: setInputWindows displayId=0 Window{cd6c485 u0 ScreenDecorOverlayBottom} Window{58a9a76 u0 ScreenDecorOverlay} Window{85ba95f u0 NavigationBar0} Window{aefd95e u0 StatusBar} Window{96f5813 u0 com.example.lunchtray/androidx.fragment.app.testing.FragmentScenario$EmptyFragmentActivity} Window{accad1c u0 com.android.systemui.ImageWallpaper}
02-05 23:32:09.440  1237  2098 I InputDispatcher: setInputWindows displayId=0 Window{cd6c485 u0 ScreenDecorOverlayBottom} Window{58a9a76 u0 ScreenDecorOverlay} Window{85ba95f u0 NavigationBar0} Window{aefd95e u0 StatusBar} Window{96f5813 u0 com.example.lunchtray/androidx.fragment.app.testing.FragmentScenario$EmptyFragmentActivity} Window{accad1c u0 com.android.systemui.ImageWallpaper}
02-05 23:32:09.448   671  7638 W AudioALSACaptureDataProviderNormal: readThread, latency_in_s,0.000001,0.039586,0.000063, totalTime 0.039650 > logTimeout 0.022000 TIMEOUT!!
02-05 23:32:09.450   966  1033 D AAL     : 02-05 11:32:09.408 BL= 551,ESS= 256, 02-05 11:32:09.416 BL= 552,ESS= 256, 02-05 11:32:09.433 BL= 553,ESS= 256, 02-05 11:32:09.442 BL= 554,ESS= 256, 02-05 11:32:09.450 BL= 555,ESS= 256,
02-05 23:32:09.457  1237  2098 I InputDispatcher: setInputWindows displayId=0 Window{cd6c485 u0 ScreenDecorOverlayBottom} Window{58a9a76 u0 ScreenDecorOverlay} Window{85ba95f u0 NavigationBar0} Window{aefd95e u0 StatusBar} Window{96f5813 u0 com.example.lunchtray/androidx.fragment.app.testing.FragmentScenario$EmptyFragmentActivity} Window{accad1c u0 com.android.systemui.ImageWallpaper}
02-05 23:32:09.474  1237  2098 I InputDispatcher: setInputWindows displayId=0 Window{cd6c485 u0 ScreenDecorOverlayBottom} Window{58a9a76 u0 ScreenDecorOverlay} Window{85ba95f u0 NavigationBar0} Window{aefd95e u0 StatusBar} Window{96f5813 u0 com.example.lunchtray/androidx.fragment.app.testing.FragmentScenario$EmptyFragmentActivity} Window{accad1c u0 com.android.systemui.ImageWallpaper}
02-05 23:32:09.488   671  7638 W AudioALSACaptureDataProviderNormal: readThread, latency_in_s,0.000001,0.039755,0.000044, totalTime 0.039800 > logTimeout 0.022000 TIMEOUT!!
02-05 23:32:09.490  1237  2098 I InputDispatcher: setInputWindows displayId=0 Window{cd6c485 u0 ScreenDecorOverlayBottom} Window{58a9a76 u0 ScreenDecorOverlay} Window{85ba95f u0 NavigationBar0} Window{aefd95e u0 StatusBar} Window{96f5813 u0 com.example.lunchtray/androidx.fragment.app.testing.FragmentScenario$EmptyFragmentActivity} Window{accad1c u0 com.android.systemui.ImageWallpaper}
02-05 23:32:09.507  1237  2098 I InputDispatcher: setInputWindows displayId=0 Window{cd6c485 u0 ScreenDecorOverlayBottom} Window{58a9a76 u0 ScreenDecorOverlay} Window{85ba95f u0 NavigationBar0} Window{aefd95e u0 StatusBar} Window{96f5813 u0 com.example.lunchtray/androidx.fragment.app.testing.FragmentScenario$EmptyFragmentActivity} Window{accad1c u0 com.android.systemui.ImageWallpaper}
02-05 23:32:09.508   966  1033 D AAL     : 02-05 11:32:09.466 BL= 556,ESS= 256, 02-05 11:32:09.475 BL= 557,ESS= 256, 02-05 11:32:09.491 BL= 558,ESS= 256, 02-05 11:32:09.500 BL= 559,ESS= 256, 02-05 11:32:09.508 BL= 560,ESS= 256,
02-05 23:32:09.524  1237  2098 I InputDispatcher: setInputWindows displayId=0 Window{cd6c485 u0 ScreenDecorOverlayBottom} Window{58a9a76 u0 ScreenDecorOverlay} Window{85ba95f u0 NavigationBar0} Window{aefd95e u0 StatusBar} Window{96f5813 u0 com.example.lunchtray/androidx.fragment.app.testing.FragmentScenario$EmptyFragmentActivity} Window{accad1c u0 com.android.systemui.ImageWallpaper}
02-05 23:32:09.528   671  7638 W AudioALSACaptureDataProviderNormal: readThread, latency_in_s,0.000001,0.039757,0.000042, totalTime 0.039800 > logTimeout 0.022000 TIMEOUT!!
02-05 23:32:09.540  1237  2098 I InputDispatcher: setInputWindows displayId=0 Window{cd6c485 u0 ScreenDecorOverlayBottom} Window{58a9a76 u0 ScreenDecorOverlay} Window{85ba95f u0 NavigationBar0} Window{aefd95e u0 StatusBar} Window{96f5813 u0 com.example.lunchtray/androidx.fragment.app.testing.FragmentScenario$EmptyFragmentActivity} Window{accad1c u0 com.android.systemui.ImageWallpaper}
02-05 23:32:09.543 17929 17952 I TestRunner: finished: navigate_to_start_order_from_accompaniment_menu(com.example.lunchtray.NavigationTests)
